// Jest Snapshot v1, https://goo.gl/fbAQLP

exports[`EditNamePopup renders correctly 1`] = `null`;
