// Jest Snapshot v1, https://goo.gl/fbAQLP

exports[`EditPasswordPopup renders correctly 1`] = `null`;
