// Jest Snapshot v1, https://goo.gl/fbAQLP

exports[`DeactivateAccountPopup renders correctly 1`] = `null`;
